// Jest Snapshot v1, https://goo.gl/fbAQLP

exports[`<TodoItem/> edit should match snapshot 1`] = `
<div>
  <input
    class="todoitem__input"
    data-testid="TodoItem_input"
    value="OK"
  />
</div>
`;

exports[`<TodoItem/> should match snapshot 1`] = `
<div>
  <div
    class="todoitem"
  >
    <input
      data-testid="TodoItem_checkbox"
      id="1"
      style="display: none;"
      type="checkbox"
    />
    <label
      data-testid="TodoItem_checkbox-label"
      for="1"
    >
      <div
        class="todoitem__option "
      />
    </label>
    <span
      data-testid="TodoItem_content"
      style="text-decoration-line: none; text-decoration-color: grey;"
    >
      OK
    </span>
    <svg
      class="todoitem__delete"
      data-testid="TodoItem_btnDel"
      fill="currentColor"
      height="1em"
      stroke="currentColor"
      stroke-width="0"
      viewBox="0 0 24 24"
      width="1em"
      xmlns="http://www.w3.org/2000/svg"
    >
      <path
        d="M0 0h24v24H0V0z"
        fill="none"
      />
      <path
        d="M16 9v10H8V9h8m-1.5-6h-5l-1 1H5v2h14V4h-3.5l-1-1zM18 7H6v12c0 1.1.9 2 2 2h8c1.1 0 2-.9 2-2V7z"
      />
    </svg>
  </div>
</div>
`;
