// Jest Snapshot v1, https://goo.gl/fbAQLP

exports[`<Header/> should match snapshot 1`] = `
<div>
  <div
    class="header"
  >
    <img
      alt="m-logo"
      src="m-logo.jpg"
    />
    <h1
      data-testid="Header__title"
    >
      MANA-DO
    </h1>
  </div>
</div>
`;
